ΓòÉΓòÉΓòÉΓòÉΓòÉΓòÉΓòÉΓòÉΓòÉΓòÉΓòÉΓòÉΓòÉΓòÉΓòÉΓòÉΓòÉΓòÉΓòÉΓòÉΓòÉΓòÉΓòÉΓòÉΓòÉΓòÉΓòÉΓòÉΓòÉΓòÉΓòÉΓòÉΓòÉΓòÉΓòÉΓòÉΓòÉΓòÉΓòÉΓòÉΓòÉΓòÉΓòÉΓòÉΓòÉΓòÉΓòÉ
  Elastic Email SDK - Comprehensive Test Suite
ΓòÉΓòÉΓòÉΓòÉΓòÉΓòÉΓòÉΓòÉΓòÉΓòÉΓòÉΓòÉΓòÉΓòÉΓòÉΓòÉΓòÉΓòÉΓòÉΓòÉΓòÉΓòÉΓòÉΓòÉΓòÉΓòÉΓòÉΓòÉΓòÉΓòÉΓòÉΓòÉΓòÉΓòÉΓòÉΓòÉΓòÉΓòÉΓòÉΓòÉΓòÉΓòÉΓòÉΓòÉΓòÉΓòÉΓòÉ

Configuration:
  From: muzammil.malik@elasticemail.com
  Test recipient: muzammil.malik@elasticemail.com
  API Key: Γ£ô Set

ΓòÉΓòÉΓòÉΓòÉΓòÉΓòÉΓòÉΓòÉΓòÉΓòÉΓòÉΓòÉΓòÉΓòÉΓòÉΓòÉΓòÉΓòÉΓòÉΓòÉΓòÉΓòÉΓòÉΓòÉΓòÉΓòÉΓòÉΓòÉΓòÉΓòÉΓòÉΓòÉΓòÉΓòÉΓòÉΓòÉΓòÉΓòÉΓòÉΓòÉΓòÉΓòÉΓòÉΓòÉΓòÉΓòÉΓòÉ

≡ƒôº Test 1: Send basic HTML email...
Γ£à Basic email sent successfully!
   Transaction ID: be1b3c1d-050b-814e-a01d-75212cb42a6e
   Message ID: zhiPYxZIfVERHhw6lmgZBQ2

≡ƒôº Test 2: Send email with CC/BCC...
Γ£à Email with CC/BCC sent successfully!
   Transaction ID: be1b3c26-050b-017c-a026-2c1a178f118b

≡ƒôº Test 3: Send email with attachment...
Γ£à Email with attachment sent successfully!
   Transaction ID: be1b3c2e-050b-81a6-a02e-de121f8719f7
   Attachment: test-document.txt

≡ƒôº Test 4: Send template email...
deno : Γ¥î Failed: 
Unknown API error
At line:1 char:1
+ deno run 
--allow-net 
--allow-env 
--allow-read test-sdk-
comprehensive. ...
+ ~~~~~~~~~~~~~~~~~~~~
~~~~~~~~~~~~~~~~~~~~~~
~~~~~~~~~~~~~~~~~~~~~~
~~~~~
    + CategoryInfo    
          : NotSpeci  
  fied: (Γ¥î Failed   
 : Unknown API err    
or:String) [], Re    
moteException
    + FullyQualifiedE 
   rrorId : NativeCo  
  mmandError
 

≡ƒôº Test 5: Get email status...
Γ£à Email status retrieved successfully!
   Status: complete
   Recipient: undefined
   Date: undefined

≡ƒôº Test 6: Get email activity logs...
Γ¥î Failed: Unknown 
API error

≡ƒôº Test 7: Error handling (invalid request)...
Γ£à Correctly caught validation error!
   Error: At least one recipient is required


ΓòÉΓòÉΓòÉΓòÉΓòÉΓòÉΓòÉΓòÉΓòÉΓòÉΓòÉΓòÉΓòÉΓòÉΓòÉΓòÉΓòÉΓòÉΓòÉΓòÉΓòÉΓòÉΓòÉΓòÉΓòÉΓòÉΓòÉΓòÉΓòÉΓòÉΓòÉΓòÉΓòÉΓòÉΓòÉΓòÉΓòÉΓòÉΓòÉΓòÉΓòÉΓòÉΓòÉΓòÉΓòÉΓòÉΓòÉ
  Test Summary
ΓòÉΓòÉΓòÉΓòÉΓòÉΓòÉΓòÉΓòÉΓòÉΓòÉΓòÉΓòÉΓòÉΓòÉΓòÉΓòÉΓòÉΓòÉΓòÉΓòÉΓòÉΓòÉΓòÉΓòÉΓòÉΓòÉΓòÉΓòÉΓòÉΓòÉΓòÉΓòÉΓòÉΓòÉΓòÉΓòÉΓòÉΓòÉΓòÉΓòÉΓòÉΓòÉΓòÉΓòÉΓòÉΓòÉΓòÉ
Γ£à Passed: 5
Γ¥î Failed: 2
ΓÜá∩╕Å  Skipped: 0

ΓÜá∩╕Å  Some tests failed. Please review the errors above.
